This is test content to save